Turbo Assembler	 Version 3.1	    04/11/20 16:31:44	    Page 1
t.asm



      1					 .386
      2	    0000			 Data	 Segment use16
      3	    0000  01				 Vb		 db	 1h
      4	    0001  000000D5			 Vd		 dd	 0d5h
      5	    0005  41 73	73 65 6D 62 6C+		 String1	 db	 "Assembler"
      6		  65 72
      7		  =000A				 Times1		 EQU	 10
      8		  =0000				 Times2		 EQU	 0
      9	    000E			 Data	 ends
     10
     11
     12	    0000			 Code	 Segment use16
     13					 ASSUME	CS:CODE, DS:DATA
     14	    0000			 label1:
     15	    0000  74 41	90 90			 jz	 lend
     16	    0004  3E: 67| 80 04	ED    +		 add	 vb[ebp*8],56h
     17		  00000000r 56
     18	    000E  66| A1 0001r			 mov	 eax, Vd
     19	    0012  66| 48			 dec	 eax
     20	    0014  6A 64				 push	 100
     21	    0016  66| BE 00000001		 mov	 esi, 1
     22	    001C  66| 64: 67| 85 04 75+		 test	 eax,FS:Vd[esi*2]
     23		  00000001r
     24	    0026  66| 67| 0F AB	04 B5 +		 bts	 Vd[esi*4], eax
     25		  00000001r
     26	    0030  67| 80 04 75	      +		 add	 String1[esi*2], 1
     27		  00000005r 01
     28	    0039  0000007A				 M1 dd 7ah
     29	    003D  66| 2E: 85 06	0039r			 test eax, M1
     30	    0043			 lend:
     31	    0043  66| AB			 stosd
     32	    0045  66| 3B C6			 cmp	 eax, esi
     33	    0048  67| 85 3C F5	      +		 test	 bh,vd[esi*8]
     34		  00000001r
**Error** t.asm(33) Operand types do not match
     35	    0050  74 AE				 jz label1
     36	    0052  02 C3				 add al,bl
     37	    0054  66| 23 06 0000		 and eax,tbx
**Error** t.asm(36) Undefined symbol: TBX
     38	    0059			 Code	 ends
     39					 END
Turbo Assembler	 Version 3.1	    04/11/20 16:31:44	    Page 2
Symbol Table




Symbol Name			  Type	 Value

??DATE				  Text	 "04/11/20"
??FILENAME			  Text	 "t	  "
??TIME				  Text	 "16:31:44"
??VERSION			  Number 030A
@CPU				  Text	 0F0FH
@CURSEG				  Text	 CODE
@FILENAME			  Text	 T
@WORDSIZE			  Text	 2
LABEL1				  Near	 CODE:0000
LEND				  Near	 CODE:0043
M1				  Dword	 CODE:0039
STRING1				  Byte	 DATA:0005
TIMES1				  Number 000A
TIMES2				  Number 0000
VB				  Byte	 DATA:0000
VD				  Dword	 DATA:0001

Groups & Segments		  Bit Size Align  Combine Class

CODE				  16  0059 Para	  none
DATA				  16  000E Para	  none
Turbo Assembler	 Version 3.1	    04/11/20 16:31:44	    Page 3
Error Summary



**Error** t.asm(33) Operand types do not match
**Error** t.asm(36) Undefined symbol: TBX
